
> devvault@0.1.0 build
> next build

Γû▓ Next.js 16.1.6 (Turbopack)
- Environments: .env

  Creating an optimized production build ...
Γ£ô Compiled successfully in 55s
  Running TypeScript ...
node.exe : Failed to 
compile.
At line:1 char:1
+ & "C:\Program 
Files\nodejs/node.exe" 
"C:\Program 
Files\nodejs/node_mo 
...
+ ~~~~~~~~~~~~~~~~~~~~~
~~~~~~~~~~~~~~~~~~~~~~~
~~~~~~~~~~~~~~~~~~~~~~~
~~
    + CategoryInfo     
         : NotSpecifi  
  ed: (Failed to com   
 pile.:String) [],     
RemoteException
    + FullyQualifiedEr 
   rorId : NativeComm  
  andError
 

./src/app/admin/page.ts
x:5:30
Type error: Property 
'get' does not exist 
on type 'Promise<Readon
lyHeaders>'.

[0m [90m 3 |[39m 
[36mexport[39m 
[36mdefault[39m 
[36masync[39m 
[36mfunction[39m 
[33mAdminPage[39m() {
 [90m 4 |[39m   
[36mconst[39m 
headersList 
[33m=[39m headers()
[31m[1m>[22m[39m[9
0m 5 |[39m   
[36mconst[39m userId 
[33m=[39m headersList
[33m.[39m[36mget[39
m([32m'x-user-id'[39m
)
 [90m   |[39m        
                      
[31m[1m^[22m[39m
 [90m 6 |[39m   
[36mconst[39m 
userRole [33m=[39m he
adersList[33m.[39m[3
6mget[39m([32m'x-user
-role'[39m)
 [90m 7 |[39m
 [90m 8 |[39m   
[36mreturn[39m ([0m
Next.js build worker 
exited with code: 1 
and signal: null
